// Jest Snapshot v1, https://goo.gl/fbAQLP

exports[`Footer should render the Footer component 1`] = `
<div
  class="test-classname"
>
  <div
    class="footer__container"
  >
    <p
      class="footer__p"
    >
      <a
        href="https://github.com/georgerangelcode"
        rel="noopener noreferrer"
        target="_blank"
      >
        @georgerangelcode
      </a>
    </p>
  </div>
</div>
`;
